#! /usr/bin/vvp
:ivl_version "12.0 (stable)";
:ivl_delay_selection "TYPICAL";
:vpi_time_precision + 0;
:vpi_module "/usr/lib/x86_64-linux-gnu/ivl/system.vpi";
:vpi_module "/usr/lib/x86_64-linux-gnu/ivl/vhdl_sys.vpi";
:vpi_module "/usr/lib/x86_64-linux-gnu/ivl/vhdl_textio.vpi";
:vpi_module "/usr/lib/x86_64-linux-gnu/ivl/v2005_math.vpi";
:vpi_module "/usr/lib/x86_64-linux-gnu/ivl/va_math.vpi";
S_0x5a6a94fdda10 .scope module, "t_BCDAdder" "t_BCDAdder" 2 1;
 .timescale 0 0;
v0x5a6a9500fdc0_0 .var "a", 7 0;
v0x5a6a9500fe80_0 .net "ans", 8 0, L_0x5a6a95022bb0;  1 drivers
v0x5a6a9500ff20_0 .var "b", 7 0;
v0x5a6a95010020_0 .var/i "fa", 31 0;
v0x5a6a950100c0_0 .var/i "fb", 31 0;
v0x5a6a950101a0_0 .var/i "fc", 31 0;
v0x5a6a95010280_0 .var "golden", 8 0;
v0x5a6a95010360_0 .var/i "status", 31 0;
S_0x5a6a94fd2cf0 .scope module, "uut" "BCDAdder" 2 5, 3 1 0, S_0x5a6a94fdda10;
 .timescale 0 0;
    .port_info 0 /INPUT 8 "a";
    .port_info 1 /INPUT 8 "b";
    .port_info 2 /OUTPUT 9 "ans";
v0x5a6a9500f590_0 .net "a", 7 0, v0x5a6a9500fdc0_0;  1 drivers
v0x5a6a9500f670_0 .net "ans", 8 0, L_0x5a6a95022bb0;  alias, 1 drivers
v0x5a6a9500f750_0 .net "b", 7 0, v0x5a6a9500ff20_0;  1 drivers
v0x5a6a9500f840_0 .net "lower_ans", 3 0, L_0x5a6a95021f00;  1 drivers
v0x5a6a9500f930_0 .net "lower_carry", 0 0, L_0x5a6a950218b0;  1 drivers
v0x5a6a9500fa20_0 .net "s0", 4 0, L_0x5a6a950108b0;  1 drivers
v0x5a6a9500fb10_0 .net "s1", 4 0, L_0x5a6a95011110;  1 drivers
v0x5a6a9500fc20_0 .net "upper_ans", 3 0, L_0x5a6a95022a70;  1 drivers
v0x5a6a9500fce0_0 .net "upper_carry", 0 0, L_0x5a6a95022440;  1 drivers
L_0x5a6a950109d0 .part v0x5a6a9500fdc0_0, 0, 4;
L_0x5a6a95010b10 .part v0x5a6a9500ff20_0, 0, 4;
L_0x5a6a95011250 .part v0x5a6a9500fdc0_0, 4, 4;
L_0x5a6a95011340 .part v0x5a6a9500ff20_0, 4, 4;
L_0x5a6a95022bb0 .concat [ 4 4 1 0], L_0x5a6a95021f00, L_0x5a6a95022a70, L_0x5a6a95022440;
S_0x5a6a94fe8150 .scope module, "lower_adder" "FullAdder" 3 12, 4 1 0, S_0x5a6a94fd2cf0;
 .timescale 0 0;
    .port_info 0 /INPUT 4 "a";
    .port_info 1 /INPUT 4 "b";
    .port_info 2 /INPUT 1 "cin";
    .port_info 3 /OUTPUT 5 "s";
v0x5a6a94fd2090_0 .net *"_ivl_0", 4 0, L_0x5a6a95010440;  1 drivers
L_0x74bf653575b8 .functor BUFT 1, C4<00000>, C4<0>, C4<0>, C4<0>;
v0x5a6a9500bf70_0 .net *"_ivl_10", 4 0, L_0x74bf653575b8;  1 drivers
L_0x74bf65357018 .functor BUFT 1, C4<0>, C4<0>, C4<0>, C4<0>;
v0x5a6a9500c050_0 .net *"_ivl_3", 0 0, L_0x74bf65357018;  1 drivers
v0x5a6a9500c110_0 .net *"_ivl_4", 4 0, L_0x5a6a950105b0;  1 drivers
L_0x74bf65357060 .functor BUFT 1, C4<0>, C4<0>, C4<0>, C4<0>;
v0x5a6a9500c1f0_0 .net *"_ivl_7", 0 0, L_0x74bf65357060;  1 drivers
v0x5a6a9500c320_0 .net *"_ivl_8", 4 0, L_0x5a6a95010700;  1 drivers
v0x5a6a9500c400_0 .net "a", 3 0, L_0x5a6a950109d0;  1 drivers
v0x5a6a9500c4e0_0 .net "b", 3 0, L_0x5a6a95010b10;  1 drivers
L_0x74bf653570a8 .functor BUFT 1, C4<0>, C4<0>, C4<0>, C4<0>;
v0x5a6a9500c5c0_0 .net "cin", 0 0, L_0x74bf653570a8;  1 drivers
v0x5a6a9500c680_0 .net "s", 4 0, L_0x5a6a950108b0;  alias, 1 drivers
L_0x5a6a95010440 .concat [ 4 1 0 0], L_0x5a6a950109d0, L_0x74bf65357018;
L_0x5a6a950105b0 .concat [ 4 1 0 0], L_0x5a6a95010b10, L_0x74bf65357060;
L_0x5a6a95010700 .arith/sum 5, L_0x5a6a95010440, L_0x5a6a950105b0;
L_0x5a6a950108b0 .arith/sum 5, L_0x5a6a95010700, L_0x74bf653575b8;
S_0x5a6a9500c7e0 .scope module, "lower_controller" "CarryBCDController" 3 22, 5 1 0, S_0x5a6a94fd2cf0;
 .timescale 0 0;
    .port_info 0 /INPUT 5 "sum";
    .port_info 1 /OUTPUT 4 "bcd";
    .port_info 2 /OUTPUT 1 "carry";
v0x5a6a9500c9e0_0 .net *"_ivl_0", 31 0, L_0x5a6a95011460;  1 drivers
L_0x74bf653572a0 .functor BUFT 1, C4<00>, C4<0>, C4<0>, C4<0>;
v0x5a6a9500cae0_0 .net/2s *"_ivl_10", 1 0, L_0x74bf653572a0;  1 drivers
v0x5a6a9500cbc0_0 .net *"_ivl_12", 1 0, L_0x5a6a95021770;  1 drivers
v0x5a6a9500cc80_0 .net *"_ivl_16", 31 0, L_0x5a6a95021a10;  1 drivers
L_0x74bf653572e8 .functor BUFT 1, C4<000000000000000000000000000>, C4<0>, C4<0>, C4<0>;
v0x5a6a9500cd60_0 .net *"_ivl_19", 26 0, L_0x74bf653572e8;  1 drivers
L_0x74bf65357330 .functor BUFT 1, C4<00000000000000000000000000001001>, C4<0>, C4<0>, C4<0>;
v0x5a6a9500ce90_0 .net/2u *"_ivl_20", 31 0, L_0x74bf65357330;  1 drivers
v0x5a6a9500cf70_0 .net *"_ivl_22", 0 0, L_0x5a6a95021b00;  1 drivers
L_0x74bf65357378 .functor BUFT 1, C4<00110>, C4<0>, C4<0>, C4<0>;
v0x5a6a9500d030_0 .net/2u *"_ivl_24", 4 0, L_0x74bf65357378;  1 drivers
v0x5a6a9500d110_0 .net *"_ivl_26", 4 0, L_0x5a6a95021c80;  1 drivers
v0x5a6a9500d1f0_0 .net *"_ivl_28", 4 0, L_0x5a6a95021d70;  1 drivers
L_0x74bf653571c8 .functor BUFT 1, C4<000000000000000000000000000>, C4<0>, C4<0>, C4<0>;
v0x5a6a9500d2d0_0 .net *"_ivl_3", 26 0, L_0x74bf653571c8;  1 drivers
L_0x74bf65357210 .functor BUFT 1, C4<00000000000000000000000000001001>, C4<0>, C4<0>, C4<0>;
v0x5a6a9500d3b0_0 .net/2u *"_ivl_4", 31 0, L_0x74bf65357210;  1 drivers
v0x5a6a9500d490_0 .net *"_ivl_6", 0 0, L_0x5a6a950215a0;  1 drivers
L_0x74bf65357258 .functor BUFT 1, C4<01>, C4<0>, C4<0>, C4<0>;
v0x5a6a9500d550_0 .net/2s *"_ivl_8", 1 0, L_0x74bf65357258;  1 drivers
v0x5a6a9500d630_0 .net "bcd", 3 0, L_0x5a6a95021f00;  alias, 1 drivers
v0x5a6a9500d710_0 .net "carry", 0 0, L_0x5a6a950218b0;  alias, 1 drivers
v0x5a6a9500d7d0_0 .net "sum", 4 0, L_0x5a6a950108b0;  alias, 1 drivers
L_0x5a6a95011460 .concat [ 5 27 0 0], L_0x5a6a950108b0, L_0x74bf653571c8;
L_0x5a6a950215a0 .cmp/gt 32, L_0x5a6a95011460, L_0x74bf65357210;
L_0x5a6a95021770 .functor MUXZ 2, L_0x74bf653572a0, L_0x74bf65357258, L_0x5a6a950215a0, C4<>;
L_0x5a6a950218b0 .part L_0x5a6a95021770, 0, 1;
L_0x5a6a95021a10 .concat [ 5 27 0 0], L_0x5a6a950108b0, L_0x74bf653572e8;
L_0x5a6a95021b00 .cmp/gt 32, L_0x5a6a95021a10, L_0x74bf65357330;
L_0x5a6a95021c80 .arith/sum 5, L_0x5a6a950108b0, L_0x74bf65357378;
L_0x5a6a95021d70 .functor MUXZ 5, L_0x5a6a950108b0, L_0x5a6a95021c80, L_0x5a6a95021b00, C4<>;
L_0x5a6a95021f00 .part L_0x5a6a95021d70, 0, 4;
S_0x5a6a9500d8f0 .scope module, "upper_adder" "FullAdder" 3 17, 4 1 0, S_0x5a6a94fd2cf0;
 .timescale 0 0;
    .port_info 0 /INPUT 4 "a";
    .port_info 1 /INPUT 4 "b";
    .port_info 2 /INPUT 1 "cin";
    .port_info 3 /OUTPUT 5 "s";
v0x5a6a9500da80_0 .net *"_ivl_0", 4 0, L_0x5a6a95010c50;  1 drivers
v0x5a6a9500db40_0 .net *"_ivl_10", 4 0, L_0x5a6a95010ff0;  1 drivers
L_0x74bf65357180 .functor BUFT 1, C4<0000>, C4<0>, C4<0>, C4<0>;
v0x5a6a9500dc20_0 .net *"_ivl_13", 3 0, L_0x74bf65357180;  1 drivers
L_0x74bf653570f0 .functor BUFT 1, C4<0>, C4<0>, C4<0>, C4<0>;
v0x5a6a9500dce0_0 .net *"_ivl_3", 0 0, L_0x74bf653570f0;  1 drivers
v0x5a6a9500ddc0_0 .net *"_ivl_4", 4 0, L_0x5a6a95010d40;  1 drivers
L_0x74bf65357138 .functor BUFT 1, C4<0>, C4<0>, C4<0>, C4<0>;
v0x5a6a9500def0_0 .net *"_ivl_7", 0 0, L_0x74bf65357138;  1 drivers
v0x5a6a9500dfd0_0 .net *"_ivl_8", 4 0, L_0x5a6a95010eb0;  1 drivers
v0x5a6a9500e0b0_0 .net "a", 3 0, L_0x5a6a95011250;  1 drivers
v0x5a6a9500e190_0 .net "b", 3 0, L_0x5a6a95011340;  1 drivers
v0x5a6a9500e270_0 .net "cin", 0 0, L_0x5a6a950218b0;  alias, 1 drivers
v0x5a6a9500e310_0 .net "s", 4 0, L_0x5a6a95011110;  alias, 1 drivers
L_0x5a6a95010c50 .concat [ 4 1 0 0], L_0x5a6a95011250, L_0x74bf653570f0;
L_0x5a6a95010d40 .concat [ 4 1 0 0], L_0x5a6a95011340, L_0x74bf65357138;
L_0x5a6a95010eb0 .arith/sum 5, L_0x5a6a95010c50, L_0x5a6a95010d40;
L_0x5a6a95010ff0 .concat [ 1 4 0 0], L_0x5a6a950218b0, L_0x74bf65357180;
L_0x5a6a95011110 .arith/sum 5, L_0x5a6a95010eb0, L_0x5a6a95010ff0;
S_0x5a6a9500e480 .scope module, "upper_controller" "CarryBCDController" 3 28, 5 1 0, S_0x5a6a94fd2cf0;
 .timescale 0 0;
    .port_info 0 /INPUT 5 "sum";
    .port_info 1 /OUTPUT 4 "bcd";
    .port_info 2 /OUTPUT 1 "carry";
v0x5a6a9500e680_0 .net *"_ivl_0", 31 0, L_0x5a6a95022040;  1 drivers
L_0x74bf65357498 .functor BUFT 1, C4<00>, C4<0>, C4<0>, C4<0>;
v0x5a6a9500e780_0 .net/2s *"_ivl_10", 1 0, L_0x74bf65357498;  1 drivers
v0x5a6a9500e860_0 .net *"_ivl_12", 1 0, L_0x5a6a950222b0;  1 drivers
v0x5a6a9500e920_0 .net *"_ivl_16", 31 0, L_0x5a6a95022580;  1 drivers
L_0x74bf653574e0 .functor BUFT 1, C4<000000000000000000000000000>, C4<0>, C4<0>, C4<0>;
v0x5a6a9500ea00_0 .net *"_ivl_19", 26 0, L_0x74bf653574e0;  1 drivers
L_0x74bf65357528 .functor BUFT 1, C4<00000000000000000000000000001001>, C4<0>, C4<0>, C4<0>;
v0x5a6a9500eb30_0 .net/2u *"_ivl_20", 31 0, L_0x74bf65357528;  1 drivers
v0x5a6a9500ec10_0 .net *"_ivl_22", 0 0, L_0x5a6a95022670;  1 drivers
L_0x74bf65357570 .functor BUFT 1, C4<00110>, C4<0>, C4<0>, C4<0>;
v0x5a6a9500ecd0_0 .net/2u *"_ivl_24", 4 0, L_0x74bf65357570;  1 drivers
v0x5a6a9500edb0_0 .net *"_ivl_26", 4 0, L_0x5a6a950227f0;  1 drivers
v0x5a6a9500ee90_0 .net *"_ivl_28", 4 0, L_0x5a6a950228e0;  1 drivers
L_0x74bf653573c0 .functor BUFT 1, C4<000000000000000000000000000>, C4<0>, C4<0>, C4<0>;
v0x5a6a9500ef70_0 .net *"_ivl_3", 26 0, L_0x74bf653573c0;  1 drivers
L_0x74bf65357408 .functor BUFT 1, C4<00000000000000000000000000001001>, C4<0>, C4<0>, C4<0>;
v0x5a6a9500f050_0 .net/2u *"_ivl_4", 31 0, L_0x74bf65357408;  1 drivers
v0x5a6a9500f130_0 .net *"_ivl_6", 0 0, L_0x5a6a95022170;  1 drivers
L_0x74bf65357450 .functor BUFT 1, C4<01>, C4<0>, C4<0>, C4<0>;
v0x5a6a9500f1f0_0 .net/2s *"_ivl_8", 1 0, L_0x74bf65357450;  1 drivers
v0x5a6a9500f2d0_0 .net "bcd", 3 0, L_0x5a6a95022a70;  alias, 1 drivers
v0x5a6a9500f3b0_0 .net "carry", 0 0, L_0x5a6a95022440;  alias, 1 drivers
v0x5a6a9500f470_0 .net "sum", 4 0, L_0x5a6a95011110;  alias, 1 drivers
L_0x5a6a95022040 .concat [ 5 27 0 0], L_0x5a6a95011110, L_0x74bf653573c0;
L_0x5a6a95022170 .cmp/gt 32, L_0x5a6a95022040, L_0x74bf65357408;
L_0x5a6a950222b0 .functor MUXZ 2, L_0x74bf65357498, L_0x74bf65357450, L_0x5a6a95022170, C4<>;
L_0x5a6a95022440 .part L_0x5a6a950222b0, 0, 1;
L_0x5a6a95022580 .concat [ 5 27 0 0], L_0x5a6a95011110, L_0x74bf653574e0;
L_0x5a6a95022670 .cmp/gt 32, L_0x5a6a95022580, L_0x74bf65357528;
L_0x5a6a950227f0 .arith/sum 5, L_0x5a6a95011110, L_0x74bf65357570;
L_0x5a6a950228e0 .functor MUXZ 5, L_0x5a6a95011110, L_0x5a6a950227f0, L_0x5a6a95022670, C4<>;
L_0x5a6a95022a70 .part L_0x5a6a950228e0, 0, 4;
    .scope S_0x5a6a94fdda10;
T_0 ;
    %vpi_call 2 11 "$dumpfile", "BCDAdder.vcd" {0 0 0};
    %vpi_call 2 12 "$dumpvars" {0 0 0};
    %end;
    .thread T_0;
    .scope S_0x5a6a94fdda10;
T_1 ;
    %vpi_func 2 25 "$fopen" 32, "../test_cases/a.txt", "r" {0 0 0};
    %store/vec4 v0x5a6a95010020_0, 0, 32;
    %vpi_func 2 26 "$fopen" 32, "../test_cases/b.txt", "r" {0 0 0};
    %store/vec4 v0x5a6a950100c0_0, 0, 32;
    %vpi_func 2 27 "$fopen" 32, "../test_cases/c.txt", "r" {0 0 0};
    %store/vec4 v0x5a6a950101a0_0, 0, 32;
T_1.0 ;
    %vpi_func 2 29 "$feof" 32, v0x5a6a95010020_0 {0 0 0};
    %nor/r;
    %flag_set/vec4 8;
    %jmp/0xz T_1.1, 8;
    %delay 10, 0;
    %vpi_func 2 31 "$fscanf" 32, v0x5a6a95010020_0, "%b\012", v0x5a6a9500fdc0_0 {0 0 0};
    %store/vec4 v0x5a6a95010360_0, 0, 32;
    %vpi_func 2 32 "$fscanf" 32, v0x5a6a950100c0_0, "%b\012", v0x5a6a9500ff20_0 {0 0 0};
    %store/vec4 v0x5a6a95010360_0, 0, 32;
    %vpi_func 2 33 "$fscanf" 32, v0x5a6a950101a0_0, "%b\012", v0x5a6a95010280_0 {0 0 0};
    %store/vec4 v0x5a6a95010360_0, 0, 32;
    %delay 10, 0;
    %load/vec4 v0x5a6a9500fe80_0;
    %load/vec4 v0x5a6a95010280_0;
    %cmp/ne;
    %jmp/0xz  T_1.2, 6;
    %vpi_call 2 40 "$display", "a=%d, b=%d, ans=%d, golden=%d", v0x5a6a9500fdc0_0, v0x5a6a9500ff20_0, v0x5a6a9500fe80_0, v0x5a6a95010280_0 {0 0 0};
    %delay 20, 0;
    %vpi_call 2 41 "$finish" {0 0 0};
T_1.2 ;
    %jmp T_1.0;
T_1.1 ;
    %vpi_call 2 45 "$display", "All test cases passed!" {0 0 0};
    %vpi_call 2 47 "$fclose", v0x5a6a95010020_0 {0 0 0};
    %vpi_call 2 48 "$fclose", v0x5a6a950100c0_0 {0 0 0};
    %vpi_call 2 49 "$fclose", v0x5a6a950101a0_0 {0 0 0};
    %vpi_call 2 51 "$finish" {0 0 0};
    %end;
    .thread T_1;
# The file index is used to find the file name in the following table.
:file_names 6;
    "N/A";
    "<interactive>";
    "BCDAdder_test.v";
    "../src/BCDAdder.v";
    "../src/FullAdder.v";
    "../src/CarryBCDController.v";
